{"timestamp": "2026-06-01T02:09:06.546035Z", "level": "INFO", "message": "结构化日志写入: D:\\api-test\\my-ai-app\\backend\\backend.json.log", "module": "main", "funcName": "<module>", "line": 91, "request_id": null, "trace_id": null, "session_id": null}
{"timestamp": "2026-06-01T02:09:06.743581Z", "level": "INFO", "message": "\n⏳ 正在连接 Neon 云数据库...", "module": "main", "funcName": "<module>", "line": 182, "request_id": null, "trace_id": null, "session_id": null}
{"timestamp": "2026-06-01T02:09:12.839438Z", "level": "INFO", "message": "✅ [Database] 数据库连接成功，表结构同步完成！\n", "module": "main", "funcName": "<module>", "line": 187, "request_id": null, "trace_id": null, "session_id": null}
{"timestamp": "2026-06-01T02:09:18.591028Z", "level": "INFO", "message": "结构化日志写入: D:\\api-test\\my-ai-app\\backend\\backend.json.log", "module": "main", "funcName": "<module>", "line": 91, "request_id": null, "trace_id": null, "session_id": null}
{"timestamp": "2026-06-01T02:09:18.730716Z", "level": "INFO", "message": "\n⏳ 正在连接 Neon 云数据库...", "module": "main", "funcName": "<module>", "line": 182, "request_id": null, "trace_id": null, "session_id": null}
{"timestamp": "2026-06-01T02:09:23.785508Z", "level": "INFO", "message": "✅ [Database] 数据库连接成功，表结构同步完成！\n", "module": "main", "funcName": "<module>", "line": 187, "request_id": null, "trace_id": null, "session_id": null}
{"timestamp": "2026-06-01T02:16:53.445415Z", "level": "INFO", "message": "结构化日志写入: D:\\api-test\\my-ai-app\\backend\\backend.json.log", "module": "main", "funcName": "<module>", "line": 91, "request_id": null, "trace_id": null, "session_id": null}
{"timestamp": "2026-06-01T02:16:53.672327Z", "level": "INFO", "message": "\n⏳ 正在连接 Neon 云数据库...", "module": "main", "funcName": "<module>", "line": 182, "request_id": null, "trace_id": null, "session_id": null}
{"timestamp": "2026-06-01T02:16:58.418532Z", "level": "INFO", "message": "✅ [Database] 数据库连接成功，表结构同步完成！\n", "module": "main", "funcName": "<module>", "line": 187, "request_id": null, "trace_id": null, "session_id": null}
{"timestamp": "2026-06-01T02:17:06.264915Z", "level": "INFO", "message": "结构化日志写入: D:\\api-test\\my-ai-app\\backend\\backend.json.log", "module": "main", "funcName": "<module>", "line": 91, "request_id": null, "trace_id": null, "session_id": null}
{"timestamp": "2026-06-01T02:17:06.513242Z", "level": "INFO", "message": "\n⏳ 正在连接 Neon 云数据库...", "module": "main", "funcName": "<module>", "line": 182, "request_id": null, "trace_id": null, "session_id": null}
{"timestamp": "2026-06-01T02:17:10.536991Z", "level": "INFO", "message": "✅ [Database] 数据库连接成功，表结构同步完成！\n", "module": "main", "funcName": "<module>", "line": 187, "request_id": null, "trace_id": null, "session_id": null}
{"timestamp": "2026-06-01T02:17:47.880022Z", "level": "INFO", "message": "结构化日志写入: d:\\api-test\\my-ai-app\\backend\\backend.json.log", "module": "main", "funcName": "<module>", "line": 91, "request_id": null, "trace_id": null, "session_id": null}
{"timestamp": "2026-06-01T02:17:48.065719Z", "level": "INFO", "message": "\n⏳ 正在连接 Neon 云数据库...", "module": "main", "funcName": "<module>", "line": 182, "request_id": null, "trace_id": null, "session_id": null}
{"timestamp": "2026-06-01T02:17:52.106294Z", "level": "INFO", "message": "✅ [Database] 数据库连接成功，表结构同步完成！\n", "module": "main", "funcName": "<module>", "line": 187, "request_id": null, "trace_id": null, "session_id": null}
{"timestamp": "2026-06-01T02:18:16.148875Z", "level": "INFO", "message": "结构化日志写入: D:\\api-test\\my-ai-app\\backend\\backend.json.log", "module": "main", "funcName": "<module>", "line": 91, "request_id": null, "trace_id": null, "session_id": null}
{"timestamp": "2026-06-01T02:18:16.303336Z", "level": "INFO", "message": "\n⏳ 正在连接 Neon 云数据库...", "module": "main", "funcName": "<module>", "line": 182, "request_id": null, "trace_id": null, "session_id": null}
{"timestamp": "2026-06-01T02:18:20.153477Z", "level": "INFO", "message": "✅ [Database] 数据库连接成功，表结构同步完成！\n", "module": "main", "funcName": "<module>", "line": 187, "request_id": null, "trace_id": null, "session_id": null}
{"timestamp": "2026-06-01T02:20:58.707614Z", "level": "INFO", "message": "结构化日志写入: D:\\api-test\\my-ai-app\\backend\\backend.json.log", "module": "main", "funcName": "<module>", "line": 91, "request_id": null, "trace_id": null, "session_id": null}
{"timestamp": "2026-06-01T02:20:58.826914Z", "level": "INFO", "message": "\n⏳ 正在连接 Neon 云数据库...", "module": "main", "funcName": "<module>", "line": 182, "request_id": null, "trace_id": null, "session_id": null}
{"timestamp": "2026-06-01T02:21:03.064680Z", "level": "INFO", "message": "✅ [Database] 数据库连接成功，表结构同步完成！\n", "module": "main", "funcName": "<module>", "line": 187, "request_id": null, "trace_id": null, "session_id": null}
{"timestamp": "2026-06-01T02:21:08.107549Z", "level": "INFO", "message": "结构化日志写入: D:\\api-test\\my-ai-app\\backend\\backend.json.log", "module": "main", "funcName": "<module>", "line": 91, "request_id": null, "trace_id": null, "session_id": null}
{"timestamp": "2026-06-01T02:21:08.324295Z", "level": "INFO", "message": "\n⏳ 正在连接 Neon 云数据库...", "module": "main", "funcName": "<module>", "line": 182, "request_id": null, "trace_id": null, "session_id": null}
{"timestamp": "2026-06-01T02:21:12.418443Z", "level": "INFO", "message": "✅ [Database] 数据库连接成功，表结构同步完成！\n", "module": "main", "funcName": "<module>", "line": 187, "request_id": null, "trace_id": null, "session_id": null}
{"timestamp": "2026-06-01T02:22:22.163024Z", "level": "INFO", "message": "→ START GET /chat_stream request_id=5287b43c-b256-426d-9473-e80e54371acd trace_id=0b4cd304-a5a5-4e0b-a662-9a4322b8bf29", "module": "main", "funcName": "add_request_id_middleware", "line": 146, "request_id": "5287b43c-b256-426d-9473-e80e54371acd", "trace_id": "0b4cd304-a5a5-4e0b-a662-9a4322b8bf29", "session_id": null}
{"timestamp": "2026-06-01T02:22:25.234026Z", "level": "INFO", "message": "← END GET /chat_stream request_id=5287b43c-b256-426d-9473-e80e54371acd trace_id=0b4cd304-a5a5-4e0b-a662-9a4322b8bf29 status=200", "module": "main", "funcName": "add_request_id_middleware", "line": 151, "request_id": "5287b43c-b256-426d-9473-e80e54371acd", "trace_id": "0b4cd304-a5a5-4e0b-a662-9a4322b8bf29", "session_id": null}
{"timestamp": "2026-06-01T02:22:30.411334Z", "level": "INFO", "message": "HTTP Request: POST https://open.bigmodel.cn/api/paas/v4/chat/completions \"HTTP/1.1 200 OK\"", "module": "_client", "funcName": "_send_single_request", "line": 1025, "request_id": null, "trace_id": null, "session_id": null}
{"timestamp": "2026-06-01T02:22:36.310641Z", "level": "INFO", "message": "→ START GET /logs/all request_id=37d646fe-e2da-4263-8724-4be085cda638 trace_id=1a71ddf4-7ec5-4c1e-9474-d5b34b8f50c3", "module": "main", "funcName": "add_request_id_middleware", "line": 146, "request_id": "37d646fe-e2da-4263-8724-4be085cda638", "trace_id": "1a71ddf4-7ec5-4c1e-9474-d5b34b8f50c3", "session_id": null}
{"timestamp": "2026-06-01T02:22:36.328497Z", "level": "INFO", "message": "← END GET /logs/all request_id=37d646fe-e2da-4263-8724-4be085cda638 trace_id=1a71ddf4-7ec5-4c1e-9474-d5b34b8f50c3 status=200", "module": "main", "funcName": "add_request_id_middleware", "line": 151, "request_id": "37d646fe-e2da-4263-8724-4be085cda638", "trace_id": "1a71ddf4-7ec5-4c1e-9474-d5b34b8f50c3", "session_id": null}
{"timestamp": "2026-06-01T02:24:11.182254Z", "level": "INFO", "message": "结构化日志写入: D:\\api-test\\my-ai-app\\backend\\backend.json.log", "module": "main", "funcName": "<module>", "line": 91, "request_id": null, "trace_id": null, "session_id": null}
{"timestamp": "2026-06-01T02:24:11.400762Z", "level": "INFO", "message": "\n⏳ 正在连接 Neon 云数据库...", "module": "main", "funcName": "<module>", "line": 182, "request_id": null, "trace_id": null, "session_id": null}
{"timestamp": "2026-06-01T02:24:15.478991Z", "level": "INFO", "message": "✅ [Database] 数据库连接成功，表结构同步完成！\n", "module": "main", "funcName": "<module>", "line": 187, "request_id": null, "trace_id": null, "session_id": null}
{"timestamp": "2026-06-01T02:24:16.208217Z", "level": "INFO", "message": "→ START GET /chat_stream request_id=3d57ef99-ff30-4e29-8113-63ca327d6e9b trace_id=457c9f13-aa50-40e8-8a2a-4512e458596c", "module": "main", "funcName": "add_request_id_middleware", "line": 146, "request_id": "3d57ef99-ff30-4e29-8113-63ca327d6e9b", "trace_id": "457c9f13-aa50-40e8-8a2a-4512e458596c", "session_id": null}
{"timestamp": "2026-06-01T02:24:18.007004Z", "level": "INFO", "message": "← END GET /chat_stream request_id=3d57ef99-ff30-4e29-8113-63ca327d6e9b trace_id=457c9f13-aa50-40e8-8a2a-4512e458596c status=200", "module": "main", "funcName": "add_request_id_middleware", "line": 151, "request_id": "3d57ef99-ff30-4e29-8113-63ca327d6e9b", "trace_id": "457c9f13-aa50-40e8-8a2a-4512e458596c", "session_id": null}
{"timestamp": "2026-06-01T02:24:21.500577Z", "level": "INFO", "message": "HTTP Request: POST https://open.bigmodel.cn/api/paas/v4/chat/completions \"HTTP/1.1 200 OK\"", "module": "_client", "funcName": "_send_single_request", "line": 1025, "request_id": null, "trace_id": null, "session_id": null}
{"timestamp": "2026-06-01T02:26:38.710039Z", "level": "INFO", "message": "结构化日志写入: D:\\api-test\\my-ai-app\\backend\\backend.json.log", "module": "main", "funcName": "<module>", "line": 91, "request_id": null, "trace_id": null, "session_id": null}
{"timestamp": "2026-06-01T02:26:39.004892Z", "level": "INFO", "message": "\n⏳ 正在连接 Neon 云数据库...", "module": "main", "funcName": "<module>", "line": 182, "request_id": null, "trace_id": null, "session_id": null}
{"timestamp": "2026-06-01T02:26:43.231577Z", "level": "INFO", "message": "✅ [Database] 数据库连接成功，表结构同步完成！\n", "module": "main", "funcName": "<module>", "line": 187, "request_id": null, "trace_id": null, "session_id": null}
{"timestamp": "2026-06-01T02:26:51.058503Z", "level": "INFO", "message": "结构化日志写入: D:\\api-test\\my-ai-app\\backend\\backend.json.log", "module": "main", "funcName": "<module>", "line": 91, "request_id": null, "trace_id": null, "session_id": null}
{"timestamp": "2026-06-01T02:26:51.314280Z", "level": "INFO", "message": "\n⏳ 正在连接 Neon 云数据库...", "module": "main", "funcName": "<module>", "line": 182, "request_id": null, "trace_id": null, "session_id": null}
{"timestamp": "2026-06-01T02:26:55.452510Z", "level": "INFO", "message": "✅ [Database] 数据库连接成功，表结构同步完成！\n", "module": "main", "funcName": "<module>", "line": 187, "request_id": null, "trace_id": null, "session_id": null}
