2026-06-01 09:05:49,008 INFO 日志写入: D:\api-test\my-ai-app\backend\backend.log, D:\api-test\my-ai-app\backend\info.log, D:\api-test\my-ai-app\backend\error.log
2026-06-01 09:05:49,192 INFO 
⏳ 正在连接 Neon 云数据库...
2026-06-01 09:05:53,943 INFO ✅ [Database] 数据库连接成功，表结构同步完成！

2026-06-01 09:12:19,299 INFO 日志写入: D:\api-test\my-ai-app\backend\backend.log, D:\api-test\my-ai-app\backend\info.log, D:\api-test\my-ai-app\backend\error.log
2026-06-01 09:12:19,452 INFO 
⏳ 正在连接 Neon 云数据库...
2026-06-01 09:12:24,373 INFO ✅ [Database] 数据库连接成功，表结构同步完成！

2026-06-01 09:13:02,123 INFO HTTP Request: POST https://open.bigmodel.cn/api/paas/v4/chat/completions "HTTP/1.1 200 OK"
2026-06-01 09:20:40,082 INFO 日志写入: D:\api-test\my-ai-app\backend\backend.log, D:\api-test\my-ai-app\backend\info.log, D:\api-test\my-ai-app\backend\error.log
2026-06-01 09:20:40,183 INFO 
⏳ 正在连接 Neon 云数据库...
2026-06-01 09:20:44,095 INFO ✅ [Database] 数据库连接成功，表结构同步完成！

2026-06-01 09:26:47,738 INFO 日志写入: D:\api-test\my-ai-app\backend\backend.log, D:\api-test\my-ai-app\backend\info.log, D:\api-test\my-ai-app\backend\error.log
2026-06-01 09:26:48,032 INFO 
⏳ 正在连接 Neon 云数据库...
2026-06-01 09:26:52,232 INFO ✅ [Database] 数据库连接成功，表结构同步完成！

2026-06-01 09:28:25,413 INFO 日志写入: D:\api-test\my-ai-app\backend\backend.log, D:\api-test\my-ai-app\backend\info.log, D:\api-test\my-ai-app\backend\error.log
2026-06-01 09:28:25,590 INFO 
⏳ 正在连接 Neon 云数据库...
2026-06-01 09:28:29,592 INFO ✅ [Database] 数据库连接成功，表结构同步完成！

2026-06-01 09:34:31,749 INFO HTTP Request: POST https://open.bigmodel.cn/api/paas/v4/chat/completions "HTTP/1.1 200 OK"
2026-06-01 09:41:50,293 INFO 日志写入: D:\api-test\my-ai-app\backend\backend.log, D:\api-test\my-ai-app\backend\info.log, D:\api-test\my-ai-app\backend\error.log
2026-06-01 09:41:50,588 INFO 
⏳ 正在连接 Neon 云数据库...
2026-06-01 09:41:55,247 INFO ✅ [Database] 数据库连接成功，表结构同步完成！

2026-06-01 09:42:02,831 INFO 日志写入: D:\api-test\my-ai-app\backend\backend.log, D:\api-test\my-ai-app\backend\info.log, D:\api-test\my-ai-app\backend\error.log
2026-06-01 09:42:03,109 INFO 
⏳ 正在连接 Neon 云数据库...
2026-06-01 09:42:07,104 INFO ✅ [Database] 数据库连接成功，表结构同步完成！

2026-06-01 10:09:06,544 INFO 日志写入: D:\api-test\my-ai-app\backend\backend.log, D:\api-test\my-ai-app\backend\info.log, D:\api-test\my-ai-app\backend\error.log
2026-06-01 10:09:06,545 INFO 结构化日志写入: D:\api-test\my-ai-app\backend\backend.json.log
2026-06-01 10:09:06,742 INFO 
⏳ 正在连接 Neon 云数据库...
2026-06-01 10:09:12,838 INFO ✅ [Database] 数据库连接成功，表结构同步完成！

2026-06-01 10:09:18,571 INFO 日志写入: D:\api-test\my-ai-app\backend\backend.log, D:\api-test\my-ai-app\backend\info.log, D:\api-test\my-ai-app\backend\error.log
2026-06-01 10:09:18,573 INFO 结构化日志写入: D:\api-test\my-ai-app\backend\backend.json.log
2026-06-01 10:09:18,729 INFO 
⏳ 正在连接 Neon 云数据库...
2026-06-01 10:09:23,784 INFO ✅ [Database] 数据库连接成功，表结构同步完成！

2026-06-01 10:16:53,415 INFO 日志写入: D:\api-test\my-ai-app\backend\backend.log, D:\api-test\my-ai-app\backend\info.log, D:\api-test\my-ai-app\backend\error.log
2026-06-01 10:16:53,418 INFO 结构化日志写入: D:\api-test\my-ai-app\backend\backend.json.log
2026-06-01 10:16:53,669 INFO 
⏳ 正在连接 Neon 云数据库...
2026-06-01 10:16:58,417 INFO ✅ [Database] 数据库连接成功，表结构同步完成！

2026-06-01 10:17:06,254 INFO 日志写入: D:\api-test\my-ai-app\backend\backend.log, D:\api-test\my-ai-app\backend\info.log, D:\api-test\my-ai-app\backend\error.log
2026-06-01 10:17:06,262 INFO 结构化日志写入: D:\api-test\my-ai-app\backend\backend.json.log
2026-06-01 10:17:06,505 INFO 
⏳ 正在连接 Neon 云数据库...
2026-06-01 10:17:10,535 INFO ✅ [Database] 数据库连接成功，表结构同步完成！

2026-06-01 10:17:47,879 INFO 日志写入: d:\api-test\my-ai-app\backend\backend.log, d:\api-test\my-ai-app\backend\info.log, d:\api-test\my-ai-app\backend\error.log
2026-06-01 10:17:47,879 INFO 结构化日志写入: d:\api-test\my-ai-app\backend\backend.json.log
2026-06-01 10:17:48,065 INFO 
⏳ 正在连接 Neon 云数据库...
2026-06-01 10:17:52,105 INFO ✅ [Database] 数据库连接成功，表结构同步完成！

2026-06-01 10:18:16,147 INFO 日志写入: D:\api-test\my-ai-app\backend\backend.log, D:\api-test\my-ai-app\backend\info.log, D:\api-test\my-ai-app\backend\error.log
2026-06-01 10:18:16,148 INFO 结构化日志写入: D:\api-test\my-ai-app\backend\backend.json.log
2026-06-01 10:18:16,302 INFO 
⏳ 正在连接 Neon 云数据库...
2026-06-01 10:18:20,153 INFO ✅ [Database] 数据库连接成功，表结构同步完成！

2026-06-01 10:20:58,696 INFO 日志写入: D:\api-test\my-ai-app\backend\backend.log, D:\api-test\my-ai-app\backend\info.log, D:\api-test\my-ai-app\backend\error.log
2026-06-01 10:20:58,707 INFO 结构化日志写入: D:\api-test\my-ai-app\backend\backend.json.log
2026-06-01 10:20:58,826 INFO 
⏳ 正在连接 Neon 云数据库...
2026-06-01 10:21:03,064 INFO ✅ [Database] 数据库连接成功，表结构同步完成！

2026-06-01 10:21:08,084 INFO 日志写入: D:\api-test\my-ai-app\backend\backend.log, D:\api-test\my-ai-app\backend\info.log, D:\api-test\my-ai-app\backend\error.log
2026-06-01 10:21:08,107 INFO 结构化日志写入: D:\api-test\my-ai-app\backend\backend.json.log
2026-06-01 10:21:08,323 INFO 
⏳ 正在连接 Neon 云数据库...
2026-06-01 10:21:12,412 INFO ✅ [Database] 数据库连接成功，表结构同步完成！

2026-06-01 10:22:22,162 INFO → START GET /chat_stream request_id=5287b43c-b256-426d-9473-e80e54371acd trace_id=0b4cd304-a5a5-4e0b-a662-9a4322b8bf29
2026-06-01 10:22:25,229 INFO ← END GET /chat_stream request_id=5287b43c-b256-426d-9473-e80e54371acd trace_id=0b4cd304-a5a5-4e0b-a662-9a4322b8bf29 status=200
2026-06-01 10:22:30,410 INFO HTTP Request: POST https://open.bigmodel.cn/api/paas/v4/chat/completions "HTTP/1.1 200 OK"
2026-06-01 10:22:36,310 INFO → START GET /logs/all request_id=37d646fe-e2da-4263-8724-4be085cda638 trace_id=1a71ddf4-7ec5-4c1e-9474-d5b34b8f50c3
2026-06-01 10:22:36,322 INFO ← END GET /logs/all request_id=37d646fe-e2da-4263-8724-4be085cda638 trace_id=1a71ddf4-7ec5-4c1e-9474-d5b34b8f50c3 status=200
2026-06-01 10:24:11,164 INFO 日志写入: D:\api-test\my-ai-app\backend\backend.log, D:\api-test\my-ai-app\backend\info.log, D:\api-test\my-ai-app\backend\error.log
2026-06-01 10:24:11,167 INFO 结构化日志写入: D:\api-test\my-ai-app\backend\backend.json.log
2026-06-01 10:24:11,400 INFO 
⏳ 正在连接 Neon 云数据库...
2026-06-01 10:24:15,477 INFO ✅ [Database] 数据库连接成功，表结构同步完成！

2026-06-01 10:24:16,207 INFO → START GET /chat_stream request_id=3d57ef99-ff30-4e29-8113-63ca327d6e9b trace_id=457c9f13-aa50-40e8-8a2a-4512e458596c
2026-06-01 10:24:17,973 INFO ← END GET /chat_stream request_id=3d57ef99-ff30-4e29-8113-63ca327d6e9b trace_id=457c9f13-aa50-40e8-8a2a-4512e458596c status=200
2026-06-01 10:24:21,499 INFO HTTP Request: POST https://open.bigmodel.cn/api/paas/v4/chat/completions "HTTP/1.1 200 OK"
2026-06-01 10:26:38,708 INFO 日志写入: D:\api-test\my-ai-app\backend\backend.log, D:\api-test\my-ai-app\backend\info.log, D:\api-test\my-ai-app\backend\error.log
2026-06-01 10:26:38,709 INFO 结构化日志写入: D:\api-test\my-ai-app\backend\backend.json.log
2026-06-01 10:26:38,982 INFO 
⏳ 正在连接 Neon 云数据库...
2026-06-01 10:26:43,228 INFO ✅ [Database] 数据库连接成功，表结构同步完成！

2026-06-01 10:26:51,050 INFO 日志写入: D:\api-test\my-ai-app\backend\backend.log, D:\api-test\my-ai-app\backend\info.log, D:\api-test\my-ai-app\backend\error.log
2026-06-01 10:26:51,056 INFO 结构化日志写入: D:\api-test\my-ai-app\backend\backend.json.log
2026-06-01 10:26:51,313 INFO 
⏳ 正在连接 Neon 云数据库...
2026-06-01 10:26:55,452 INFO ✅ [Database] 数据库连接成功，表结构同步完成！

